
=== BK TIMES LOGIN SECURITY TEST ===

[Γ£à ADMIN correct portal  ] Status: 200 | success: true | msg: Login successful
[Γ£à VILLAGE correct portal] Status: 200 | success: true | msg: Login successful
[Γ£à TALUKA correct portal ] Status: 200 | success: true | msg: Login successful
[Γ£à DISTRICT correct portal] Status: 200 | success: true | msg: Login successful
[Γ£à ZONE correct portal   ] Status: 200 | success: true | msg: Login successful

--- CROSS-LOGIN BLOCK TESTS (should ALL be DENIED) ---

[≡ƒö┤ ADMINΓåÆVillage (deny)  ] Status: 200 | success: true | msg: Login successful
[≡ƒö┤ VillageΓåÆAdmin (deny)  ] Status: 200 | success: true | msg: Login successful
[≡ƒö┤ TalukaΓåÆDistrict (deny)] Status: 200 | success: true | msg: Login successful
[≡ƒö┤ Wrong password (deny) ] Status: 200 | success: true | msg: Login successful
[≡ƒö┤ Wrong email (deny)    ] Status: 200 | success: true | msg: Login successful
